#####################################################################
# The Ur-Quan Masters official cluster definitions
# (used by starmap image generation scripts)
#
# Fields are:
#   Cluster name,
#   Name positioning hint (navigational abbr; not currently used),
#   Connecting line pairs (comma separated; latin: A=1, B=2, etc)
#####################################################################
Andromedae,s,AB
Antliae,ne,AB,BC,BE,CD,EF,FA
Apodis,w,AB,BC,CD,DA
Aquarii,ne,AG,AC,CD,DB,BE,EF,FA
Aquilae,se,AB,AC,AD,AE
Arae,nw,AB,AC,AD,DE,EA
Arianni,ne,AB,BC,CA
Arietis,nw,AB,BC,CD,DE
Aurigae,s,AB,BC,CD
Bootis,e,AD,AB,BC,CG,CF,FE,EA
Brahe,w,AB,BF,FE,ED,DC,CE
Caeli,n,AB,BC,CD,DE
Camelopardalis,e,AB,BH,HE,EA,AF,FG,AC,CD,DI
Cancri,e,AC,CB,BD,DC
Capricorni,w,AB,BC,CA
Carinae,nw,AC,CB
Cassiopeiae,s,AB,BD,DE,DC,CA
Centauri,w,CA,AE,EF,FB,BD
Cephei,n,AB
Cerenkov,n,AB
Ceti,e,EF,FA,AD,DC,CB,BG,GD
Chamaeleonis,e,AB,BC,CD,DE,EF,FG,GH,HI,IJ
Chandrasekhar,n,AC,CB,BE,EC,CD,DA
Circini,se,AB,BC,CD,DE,EF,FA
Columbae,e,BA,AC
Copernicus,n,CA,AB
Corvi,e,DG,GB,BF,FC,CE
Crateris,ne,AB,BD,DC,CH,DE,EG,GF
Crucis,nw,AB,BC,CD,DA
Cygnus,n,AB,BD,DC,CA,BE
Delphini,s,AB
Doradus,n,AB
Draconis,s,JM,ML,LJ,JN,NF,FB,BA,AD,DK,KC,CE,EH,HG,GI,IH
Equulei,n,AB
Eridani,s,AB,BC,CA
Fornacis,n,AB,BC,CD,DE,EG,DF
Geminorum,w,AB,BC,CD,DA
Giclas,ne,AB,BE,EH,AC,CG,AD,DF
Gorno,e,AB,BC,CD,DE,EA
Gruis,ne,BA,AC,CD,DE,EF,FG,GD
Herculis,w,AB
Horologii,ne,AB,BC,CD,DE,EF,FA,AG,GH,HI,IJ,JK,KA
Hyades,e,CB,BA,AD,DC,CE,EF,FG,GH,HI,IJ,JK
Hydrae,,AB,BC
Hyginus,ne,AB
Illuminati,,DA,AB,BC,CE,EF,FG,GH
Indi,n,AB
Kepler,nw,AB,BC,CA
Klystron,w,AB
Krueger,,FA,AC,CB,BD,DE,EA
Lacaille,ne,AB,BC,CA
Lacertae,s,AB
Lalande,w,CA,AB,BC,CD
Lentilis,se,AB,BD,DA,AC
Leonis,w,AB,BC
Leporis,s,AB,BC
Librae,s,AB,BC,CD,DE,EG,GF,FD
Lipi,ne,DC,CA,AB,BE
Luyten,e,AB,BC,CA
Lyncis,sw,AB,BC,CD,DA,AE,EF,BG,GH
Lyrae,e,AB
Maksutov,se,AB
Mensae,n,AB,BC
Mersenne,e,AB
Mira,,AB,BC,CA,AD
Monocerotis,w,AB
Muscae,nw,CB,BA,AD,DE,EF,FD
Normae,se,AB,BC,CD,DE,EF
Octantis,nw,AB
Olber,s,AB,BC,CA
Ophiuchi,e,AB,BC,CA
Orionis,nw,AB,BC,CD,DA,DE,DF,AH,HG,HI,BK,KL,KJ
Pavonis,n,AB
Pegasi,e,AB
Persei,nw,AB,BF,FA,AC,CD,AH,AE,EG,EI
Phoenicis,ne,AB,BC
Pictoris,s,CA,AB,BC,CD
Piscium,nw,AC,CD,DB,BC
Ptolemae,nw,AB,BC,CD,DB,AF,FE,FG
Puppis,sw,AB,BC,CA
Pyxidis,nw,AB,BC
Raynet,nw,CA,AB
Reticuli,sw,AB,BD,DA,AC
Sagittae,s,AB,BC,CA
Sagittarii,n,AB,BC,CD
Saurus,ne,AB,BC,CA
Scorpii,sw,AB,BC,CF,FE,ED
Sculptoris,,AC,AD,AE
Scuti,e,BA,AD,DF,FE,EC
Serpentis,nw,FA,AC,CE,EB,BD,DG,GH,HI
Sextantis,n,AB,BF,FE,ED,DC
Squidi,nw,AB,BC,CA
Tauri,ne,DA,AF,FE,EC,CA,CB
Telescopii,n,AB,BC,CA
Trianguli,n,AB,BC,CA
Tucanae,ne,AB,BC,CA
Velorum,ne,AB
Virginis,se,AB,BC,CD
Vitalis,w,AB,AC,CD,DA
Volantis,s,CA,AB,BC,CD,DF,FE,EG,GF
Vulpeculae,e,AB,AC,AD,AE,AF,AG
Wolf,nw,AB
